2026-06-24 11:18:23.389 | INFO     | sc2.protocol:_execute:75 - Client status changed to Status.launched (was None)
2026-06-24 11:18:23.390 | INFO     | sc2.controller:create_game:37 - Creating new game
2026-06-24 11:18:23.390 | INFO     | sc2.controller:create_game:38 - Map:     KairosJunctionLE
2026-06-24 11:18:23.390 | INFO     | sc2.controller:create_game:39 - Players: Bot TankThorMech(Terran), Computer Hard(Terran, Macro)
2026-06-24 11:18:23.391 | INFO     | sc2.protocol:_execute:75 - Client status changed to Status.init_game (was Status.launched)
2026-06-24 11:18:29.392 | INFO     | sc2.protocol:_execute:75 - Client status changed to Status.in_game (was None)
2026-06-24 11:18:29.393 | INFO     | sc2.main:_play_game:213 - Player 1 - Bot TankThorMech(Terran)
2026-06-24 11:18:29.725 | 00:00    0ms    0M    0G  12/ 15U [Version] 4.10.0.75689
2026-06-24 11:18:29.725 | 00:00    0ms    0M    0G  12/ 15U [VersionManager] Setting ENHANCEDSHOCKWAVES to 296
2026-06-24 11:18:29.725 | 00:00    0ms    0M    0G  12/ 15U [VersionManager] Setting MICROBIALSHROUD to 297
2026-06-24 11:18:29.726 | 00:00    0ms    0M    0G  12/ 15U [VersionManager] Setting SUNDERINGIMPACT to 298
2026-06-24 11:18:29.726 | 00:00    0ms    0M    0G  12/ 15U [VersionManager] Setting AMPLIFIEDSHIELDING to 299
2026-06-24 11:18:29.726 | 00:00    0ms    0M    0G  12/ 15U [VersionManager] Setting PSIONICAMPLIFIERS to 300
2026-06-24 11:18:29.726 | 00:00    0ms    0M    0G  12/ 15U [VersionManager] Setting SECRETEDCOATING to 301
2026-06-24 11:18:29.726 | 00:00    0ms    0M    0G  12/ 15U [VersionManager] Setting AMORPHOUSARMORCLOUD to 295
2026-06-24 11:18:29.726 | 00:00    0ms    0M    0G  12/ 15U [VersionManager] Setting RAVENSHREDDERMISSILEARMORREDUCTIONUISUBTRUCT to 296
2026-06-24 11:18:29.726 | 00:00    0ms    0M    0G  12/ 15U [VersionManager] Setting BATTERYOVERCHARGE to 297
2026-06-24 11:18:29.726 | 00:00    0ms    0M    0G  12/ 15U [VersionManager] Setting INHIBITORZONESMALL to 1968
2026-06-24 11:18:29.726 | 00:00    0ms    0M    0G  12/ 15U [VersionManager] Setting INHIBITORZONEMEDIUM to 1969
2026-06-24 11:18:29.726 | 00:00    0ms    0M    0G  12/ 15U [VersionManager] Setting INHIBITORZONELARGE to 1970
2026-06-24 11:18:29.726 | 00:00    0ms    0M    0G  12/ 15U [VersionManager] Setting ACCELERATIONZONESMALL to 1971
2026-06-24 11:18:29.726 | 00:00    0ms    0M    0G  12/ 15U [VersionManager] Setting ACCELERATIONZONEMEDIUM to 1972
2026-06-24 11:18:29.726 | 00:00    0ms    0M    0G  12/ 15U [VersionManager] Setting ACCELERATIONZONELARGE to 1973
2026-06-24 11:18:29.726 | 00:00    0ms    0M    0G  12/ 15U [VersionManager] Setting ACCELERATIONZONEFLYINGSMALL to 1974
2026-06-24 11:18:29.726 | 00:00    0ms    0M    0G  12/ 15U [VersionManager] Setting ACCELERATIONZONEFLYINGMEDIUM to 1975
2026-06-24 11:18:29.726 | 00:00    0ms    0M    0G  12/ 15U [VersionManager] Setting ACCELERATIONZONEFLYINGLARGE to 1976
2026-06-24 11:18:29.727 | 00:00    0ms    0M    0G  12/ 15U [VersionManager] Setting INHIBITORZONEFLYINGSMALL to 1977
2026-06-24 11:18:29.727 | 00:00    0ms    0M    0G  12/ 15U [VersionManager] Setting INHIBITORZONEFLYINGMEDIUM to 1978
2026-06-24 11:18:29.727 | 00:00    0ms    0M    0G  12/ 15U [VersionManager] Setting INHIBITORZONEFLYINGLARGE to 1979
2026-06-24 11:18:29.727 | 00:00    0ms    0M    0G  12/ 15U [VersionManager] Setting ASSIMILATORRICH to 1980
2026-06-24 11:18:29.727 | 00:00    0ms    0M    0G  12/ 15U [VersionManager] Setting EXTRACTORRICH to 1981
2026-06-24 11:18:29.727 | 00:00    0ms    0M    0G  12/ 15U [VersionManager] Setting REFINERYRICH to 1960
2026-06-24 11:18:29.727 | 00:00    0ms    0M    0G  12/ 15U [VersionManager] Setting MINERALFIELD450 to 1982
2026-06-24 11:18:29.727 | 00:00    0ms    0M    0G  12/ 15U [VersionManager] Setting MINERALFIELDOPAQUE to 1983
2026-06-24 11:18:29.727 | 00:00    0ms    0M    0G  12/ 15U [VersionManager] Setting MINERALFIELDOPAQUE900 to 1984
2026-06-24 11:18:29.727 | 00:00    0ms    0M    0G  12/ 15U [VersionManager] Setting BATTERYOVERCHARGE_BATTERYOVERCHARGE to 3801
2026-06-24 11:18:29.727 | 00:00    0ms    0M    0G  12/ 15U [VersionManager] Setting AMORPHOUSARMORCLOUD_AMORPHOUSARMORCLOUD to 3803
2026-06-24 11:18:29.727 | 00:00    0ms    0M    0G  12/ 15U [VersionManager] Setting INHIBITORZONETEMPORALFIELD to 292
2026-06-24 11:18:29.727 | 00:00    0ms    0M    0G  12/ 15U [VersionManager] Setting RESONATINGGLAIVESPHASESHIFT to 293
2026-06-24 11:18:29.727 | 00:00    0ms    0M    0G  12/ 15U [VersionManager] Setting AMORPHOUSARMORCLOUD to 294
2026-06-24 11:18:29.727 | 00:00    0ms    0M    0G  12/ 15U [VersionManager] Setting RAVENSHREDDERMISSILEARMORREDUCTIONUISUBTRUCT to 295
2026-06-24 11:18:29.727 | 00:00    0ms    0M    0G  12/ 15U [VersionManager] Setting BATTERYOVERCHARGE to 296
2026-06-24 11:18:29.727 | 00:00    0ms    0M    0G  12/ 15U [VersionManager] Setting ASSIMILATORRICH to 1955
2026-06-24 11:18:29.727 | 00:00    0ms    0M    0G  12/ 15U [VersionManager] Setting EXTRACTORRICH to 1956
2026-06-24 11:18:29.727 | 00:00    0ms    0M    0G  12/ 15U [VersionManager] Setting INHIBITORZONESMALL to 1957
2026-06-24 11:18:29.727 | 00:00    0ms    0M    0G  12/ 15U [VersionManager] Setting INHIBITORZONEMEDIUM to 1958
2026-06-24 11:18:29.728 | 00:00    0ms    0M    0G  12/ 15U [VersionManager] Setting INHIBITORZONELARGE to 1959
2026-06-24 11:18:29.728 | 00:00    0ms    0M    0G  12/ 15U [VersionManager] Setting REFINERYRICH to 1960
2026-06-24 11:18:29.728 | 00:00    0ms    0M    0G  12/ 15U [VersionManager] Setting MINERALFIELD450 to 1961
2026-06-24 11:18:29.797 | 00:00    0ms    0M    0G  12/ 15U [ZoneManager] Map set to: MapName.KairosJunctionLE from name: Kairos Junction LE and hash: 3332000.
2026-06-24 11:18:30.132 | [DataManager] No BuildDetector found, enemy build data cannot be saved
2026-06-24 11:18:30.153 | [Start] My race: Terran
2026-06-24 11:18:30.154 | [Start] Opponent race: Terran
2026-06-24 11:18:30.154 | [Start] OpponentId: mechthor-ai.terran.hard.macro
2026-06-24 11:18:31.465 | 00:16    8ms   10M    0G  13/ 15U [TerranUnit] SCV from COMMANDCENTER at (31.5, 140.5)
2026-06-24 11:18:32.497 | 00:29    8ms  100M    0G  14/ 15U [TerranUnit] SCV from COMMANDCENTER at (31.5, 140.5)
2026-06-24 11:18:33.562 | 00:41    8ms   40M    0G  15/ 23U [TerranUnit] SCV from COMMANDCENTER at (31.5, 140.5)
2026-06-24 11:18:33.798 | 00:44   12ms   10M    0G  16/ 23U [BuildGas] Building REFINERY to (24.5, 137.5)
2026-06-24 11:18:34.604 | 00:54    9ms   60M    0G  16/ 23U [TerranUnit] SCV from COMMANDCENTER at (31.5, 140.5)
2026-06-24 11:18:35.635 | 01:06   14ms   65M    0G  17/ 23U [TerranUnit] SCV from COMMANDCENTER at (31.5, 140.5)
2026-06-24 11:18:38.373 | 01:12  270ms  120M    8G  18/ 23U [GameAnalyzer] Income advantage is now SmallAdvantage
2026-06-24 11:18:39.065 | 01:13  282ms  130M    8G  18/ 23U [GameAnalyzer] Income advantage is now SlightAdvantage
2026-06-24 11:18:39.224 | 01:14  336ms  140M   12G  18/ 23U [GameAnalyzer] Income advantage is now Even
2026-06-24 11:18:39.373 | 01:15   29ms  150M   12G  18/ 23U [EnemyArmyPredicter] Predicting negative free minerals for enemy: -20
2026-06-24 11:18:40.189 | 01:19   18ms  135M   20G  18/ 23U [TerranUnit] SCV from COMMANDCENTER at (31.5, 140.5)
2026-06-24 11:18:41.469 | 01:31    9ms   70M    2G  19/ 31U [TerranUnit] REAPER from BARRACKS at (32.5, 135.5)
2026-06-24 11:18:42.046 | 01:35   15ms  125M   14G  20/ 31U [GameAnalyzer] Income advantage is now SmallDisadvantage
2026-06-24 11:18:44.056 | 01:54   15ms  410M   66G  20/ 31U [Expand] Expanding to (29.5, 117.5)
2026-06-24 11:18:44.406 | 01:58   12ms   10M   74G  20/ 31U [TerranUnit] SCV from COMMANDCENTER at (31.5, 140.5)
2026-06-24 11:18:44.591 | 02:00   20ms   30M   82G  21/ 31U [GameAnalyzer] Income advantage is now Even
2026-06-24 11:18:44.899 | 02:03   19ms   65M   90G  21/ 31U [GameAnalyzer] Known army advantage is now SlightAdvantage
2026-06-24 11:18:44.899 | 02:03   19ms   65M   90G  21/ 31U [GameAnalyzer] Predicted army advantage is now SlightAdvantage
2026-06-24 11:18:44.945 | 02:03   22ms    0M   90G  21/ 31U [BuildGas] Building REFINERY to (34.5, 147.5)
2026-06-24 11:18:45.837 | 02:11   15ms   65M  110G  21/ 31U [TerranUnit] SCV from COMMANDCENTER at (31.5, 140.5)
2026-06-24 11:18:47.172 | 02:23   10ms   80M   42G  21/ 31U [TerranUnit] SCV from COMMANDCENTER at (31.5, 140.5)
2026-06-24 11:18:47.263 | 02:24   13ms   85M   46G  22/ 31U [GameAnalyzer] Known army advantage is now SlightDisadvantage
2026-06-24 11:18:47.263 | 02:24   13ms   85M   46G  22/ 31U [GameAnalyzer] Predicted army advantage is now SlightDisadvantage
2026-06-24 11:18:48.565 | 02:36   17ms  225M   90G  22/ 31U [TerranUnit] SCV from COMMANDCENTER at (31.5, 140.5)
2026-06-24 11:18:49.861 | 02:48   15ms  340M  138G  23/ 31U [TerranUnit] SCV from COMMANDCENTER at (31.5, 140.5)
2026-06-24 11:18:51.287 | 03:01   16ms  495M  190G  24/ 31U [TerranUnit] SCV from COMMANDCENTER at (31.5, 140.5)
2026-06-24 11:18:51.340 | 03:01   17ms  295M  190G  25/ 31U [BuildAddon] UnitTypeId.FACTORYTECHLAB to (42.0, 142.0)
2026-06-24 11:18:53.592 | 03:19   93ms  340M  132G  25/ 46U [TerranUnit] SIEGETANK from FACTORY at (39.5, 142.5)
2026-06-24 11:18:54.787 | 03:29   17ms  525M  184G  28/ 54U [GameAnalyzer] Income advantage is now SlightAdvantage
2026-06-24 11:18:55.681 | 03:36   16ms  625M  224G  28/ 54U [TerranUnit] SCV from COMMANDCENTER at (31.5, 140.5)
2026-06-24 11:18:55.734 | 03:37   15ms  575M  232G  29/ 54U [TerranUnit] SCV from COMMANDCENTER at (29.5, 117.5)
2026-06-24 11:18:57.219 | 03:49   19ms  810M  296G  30/ 54U [TerranUnit] SCV from COMMANDCENTER at (31.5, 140.5)
2026-06-24 11:18:57.263 | 03:49   23ms  770M  296G  31/ 54U [TerranUnit] SCV from COMMANDCENTER at (29.5, 117.5)
2026-06-24 11:18:57.477 | 03:51   19ms  800M  304G  32/ 54U [GameAnalyzer] Known army advantage is now SlightAdvantage
2026-06-24 11:18:57.478 | 03:51   19ms  800M  304G  32/ 54U [GameAnalyzer] Predicted army advantage is now SlightAdvantage
2026-06-24 11:18:57.480 | 03:51   19ms  650M  179G  32/ 54U [TerranUnit] SIEGETANK from FACTORY at (39.5, 142.5)
2026-06-24 11:18:57.597 | 03:52   24ms  655M  187G  35/ 54U [DefensiveBuilding] Building BUNKER to (33.56866735603367, 114.59380903140452)
2026-06-24 11:18:57.599 | 03:52   24ms  330M   87G  35/ 54U [BuildGas] Building REFINERY to (22.5, 121.5)
2026-06-24 11:18:57.669 | 03:52   25ms  390M   87G  35/ 54U [GameAnalyzer] Income advantage is now Even
2026-06-24 11:18:57.960 | 03:54   20ms  355M   95G  35/ 54U [BuildGas] Building REFINERY to (28.5, 124.5)
2026-06-24 11:18:58.904 | 04:01   16ms  455M  135G  35/ 54U [TerranUnit] SCV from COMMANDCENTER at (31.5, 140.5)
2026-06-24 11:18:58.957 | 04:02   24ms  410M  143G  36/ 54U [TerranUnit] SCV from COMMANDCENTER at (29.5, 117.5)
2026-06-24 11:18:59.009 | 04:02   20ms  430M  143G  37/ 54U [GameAnalyzer] Income advantage is now SlightAdvantage
2026-06-24 11:19:00.535 | 04:14   25ms  670M  207G  37/ 54U [TerranUnit] SCV from COMMANDCENTER at (31.5, 140.5)
2026-06-24 11:19:00.588 | 04:14   31ms  630M  207G  38/ 54U [TerranUnit] SCV from COMMANDCENTER at (29.5, 117.5)
2026-06-24 11:19:01.710 | 04:23   15ms  825M  255G  39/ 54U [GameAnalyzer] Known army advantage is now SmallAdvantage
2026-06-24 11:19:01.710 | 04:23   15ms  825M  255G  39/ 54U [GameAnalyzer] Predicted army advantage is now SmallAdvantage
2026-06-24 11:19:01.714 | 04:23   15ms  675M  130G  39/ 54U [TerranUnit] SIEGETANK from FACTORY at (39.5, 142.5)
2026-06-24 11:19:01.766 | 04:24   25ms  680M  134G  42/ 54U [GameAnalyzer] Income advantage is now SmallAdvantage
2026-06-24 11:19:02.107 | 04:26   26ms  720M  150G  42/ 54U [TerranUnit] SCV from COMMANDCENTER at (31.5, 140.5)
2026-06-24 11:19:02.236 | 04:27   23ms  675M  158G  43/ 54U [TerranUnit] SCV from COMMANDCENTER at (29.5, 117.5)
2026-06-24 11:19:03.691 | 04:38   24ms  865M  254G  44/ 54U [BuildAddon] UnitTypeId.FACTORYTECHLAB to (37.0, 132.0)
2026-06-24 11:19:03.817 | 04:39   26ms  625M  133G  44/ 54U [TerranUnit] SCV from COMMANDCENTER at (31.5, 140.5)
2026-06-24 11:19:03.879 | 04:39   26ms  485M  141G  45/ 54U [TerranUnit] SCV from COMMANDCENTER at (29.5, 117.5)
2026-06-24 11:19:04.184 | 04:41   26ms  250M  157G  46/ 54U [GameAnalyzer] Income advantage is now SlightAdvantage
2026-06-24 11:19:05.702 | 04:51   23ms  115M  241G  46/ 54U [TerranUnit] SCV from COMMANDCENTER at (31.5, 140.5)
2026-06-24 11:19:05.758 | 04:52   84ms   70M  245G  47/ 54U [TerranUnit] SCV from COMMANDCENTER at (29.5, 117.5)
2026-06-24 11:19:06.050 | 04:54   21ms  325M  261G  48/ 54U [GameAnalyzer] Income advantage is now SmallAdvantage
2026-06-24 11:19:06.115 | 04:55   28ms  355M  269G  48/ 54U [GameAnalyzer] Income advantage is now SlightAdvantage
2026-06-24 11:19:06.250 | 04:55   31ms  160M  273G  48/ 54U [GameAnalyzer] Known army advantage is now ClearAdvantage
2026-06-24 11:19:06.250 | 04:55   31ms  160M  273G  48/ 54U [GameAnalyzer] Predicted army advantage is now ClearAdvantage
2026-06-24 11:19:06.254 | 04:55   31ms   10M  148G  48/ 54U [TerranUnit] SIEGETANK from FACTORY at (39.5, 142.5)
2026-06-24 11:19:06.454 | 04:57   22ms    5M   39G  51/ 54U [TerranUnit] SIEGETANK from FACTORY at (34.5, 132.5)
2026-06-24 11:19:06.700 | 04:58   21ms  145M   43G  54/ 54U [GameAnalyzer] Income advantage is now SmallAdvantage
2026-06-24 11:19:07.580 | 05:04   86ms  340M   95G  54/ 62U [TerranUnit] SCV from COMMANDCENTER at (31.5, 140.5)
2026-06-24 11:19:07.637 | 05:04   23ms  300M   99G  55/ 62U [TerranUnit] SCV from COMMANDCENTER at (29.5, 117.5)
2026-06-24 11:19:08.014 | 05:07   26ms  325M  115G  56/ 62U [GameAnalyzer] Income advantage is now SlightAdvantage
2026-06-24 11:19:08.444 | 05:09   29ms  410M  143G  56/ 70U [Expand] Expanding to (27.5, 87.5)
2026-06-24 11:19:08.579 | 05:10   26ms   25M  147G  56/ 78U [GameAnalyzer] Predicted army advantage is now SmallDisadvantage
2026-06-24 11:19:09.919 | 05:18   22ms   15M  115G  56/ 94U [TerranUnit] SCV from COMMANDCENTER at (31.5, 140.5)
2026-06-24 11:19:10.058 | 05:19   28ms   40M  127G  57/ 94U [GameAnalyzer] Income advantage is now SmallAdvantage
2026-06-24 11:19:10.194 | 05:20   26ms   10M  139G  57/ 94U [TerranUnit] SCV from COMMANDCENTER at (29.5, 117.5)
2026-06-24 11:19:11.204 | 05:26   37ms   35M  107G  58/ 94U [GameAnalyzer] Predicted army advantage is now ClearDisadvantage
2026-06-24 11:19:11.463 | 05:28   92ms   55M  119G  58/ 94U [GameAnalyzer] Predicted army advantage is now SmallDisadvantage
2026-06-24 11:19:11.651 | 05:29   22ms   80M  135G  58/ 94U [GameAnalyzer] Predicted army advantage is now SlightDisadvantage
2026-06-24 11:19:11.933 | 05:31   30ms   75M  155G  58/ 94U [TerranUnit] SCV from COMMANDCENTER at (31.5, 140.5)
2026-06-24 11:19:12.195 | 05:33   27ms   65M  171G  59/ 94U [TerranUnit] SCV from COMMANDCENTER at (29.5, 117.5)
2026-06-24 11:19:12.262 | 05:33   29ms  105M  183G  60/ 94U [GameAnalyzer] Income advantage is now ClearAdvantage
2026-06-24 11:19:12.453 | 05:34   89ms  120M  187G  60/ 94U [GameAnalyzer] Income advantage is now SmallAdvantage
2026-06-24 11:19:13.753 | 05:42   27ms   55M   79G  60/ 94U [GameAnalyzer] Predicted army advantage is now SmallDisadvantage
2026-06-24 11:19:13.874 | 05:43   23ms   20M   91G  60/ 94U [TerranUnit] SCV from COMMANDCENTER at (31.5, 140.5)
2026-06-24 11:19:14.126 | 05:45   26ms    0M  111G  61/ 94U [TerranUnit] SCV from COMMANDCENTER at (29.5, 117.5)
2026-06-24 11:19:14.253 | 05:45   25ms   20M  115G  62/ 94U [GameAnalyzer] Income advantage is now ClearAdvantage
2026-06-24 11:19:14.568 | 05:48   23ms  110M  139G  62/ 94U [GameAnalyzer] Predicted army advantage is now SlightDisadvantage
2026-06-24 11:19:14.900 | 05:50   29ms   10M   38G  62/ 94U [TerranUnit] SIEGETANK from FACTORY at (34.5, 132.5)
2026-06-24 11:19:15.391 | 05:53   23ms   95M   70G  65/ 94U [GameAnalyzer] Predicted army advantage is now SmallDisadvantage
2026-06-24 11:19:15.793 | 05:56   29ms  115M   98G  65/ 94U [TerranUnit] SCV from COMMANDCENTER at (31.5, 140.5)
2026-06-24 11:19:16.151 | 05:58   99ms  105M  118G  66/ 94U [TerranUnit] SCV from COMMANDCENTER at (29.5, 117.5)
2026-06-24 11:19:16.290 | 05:58   27ms  130M  130G  67/ 94U [GameAnalyzer] Predicted army advantage is now SlightDisadvantage
2026-06-24 11:19:16.367 | 05:59   33ms    0M    9G  67/ 94U [TerranUnit] SIEGETANK from FACTORY at (39.5, 142.5)
2026-06-24 11:19:16.710 | 06:01   24ms   50M   37G  70/ 94U [BuildAddon] UnitTypeId.FACTORYTECHLAB to (44.0, 139.0)
2026-06-24 11:19:17.195 | 06:04   23ms   80M   36G  70/ 94U [GameAnalyzer] Predicted army advantage is now SmallDisadvantage
2026-06-24 11:19:17.761 | 06:07   21ms  175M   76G  70/ 94U [GameAnalyzer] Income advantage is now SmallAdvantage
2026-06-24 11:19:17.958 | 06:08   28ms  150M   84G  70/ 94U [TerranUnit] SCV from COMMANDCENTER at (31.5, 140.5)
2026-06-24 11:19:18.081 | 06:09   23ms  175M   96G  71/ 94U [GameAnalyzer] Predicted army advantage is now ClearDisadvantage
2026-06-24 11:19:18.223 | 06:10   27ms  150M  108G  71/ 94U [TerranUnit] SCV from COMMANDCENTER at (29.5, 117.5)
2026-06-24 11:19:18.520 | 06:12   32ms  180M  124G  72/ 94U [BuildAddon] UnitTypeId.FACTORYTECHLAB to (29.0, 130.0)
2026-06-24 11:19:20.048 | 06:21   26ms  195M   95G  72/ 94U [TerranUnit] SCV from COMMANDCENTER at (31.5, 140.5)
2026-06-24 11:19:20.248 | 06:22   29ms  240M  111G  73/ 94U [GameAnalyzer] Predicted army advantage is now SmallDisadvantage
2026-06-24 11:19:20.319 | 06:23   28ms  200M  115G  73/ 94U [TerranUnit] SCV from COMMANDCENTER at (29.5, 117.5)
2026-06-24 11:19:20.525 | 06:23   92ms   85M    2G  74/ 94U [TerranUnit] SIEGETANK from FACTORY at (34.5, 132.5)
2026-06-24 11:19:21.247 | 06:28   27ms  105M   50G  77/ 94U [BuildAddon] UnitTypeId.FACTORYTECHLAB to (46.0, 131.0)
2026-06-24 11:19:21.248 | 06:28   27ms  105M   50G  77/ 94U [BuildAddon] UnitTypeId.FACTORYTECHLAB to (44.0, 134.0)
2026-06-24 11:19:21.818 | 06:31   32ms   95M   32G  77/109U [GameAnalyzer] Known army advantage is now OverwhelmingAdvantage
2026-06-24 11:19:22.713 | 06:36   30ms   10M   84G  77/109U [BuildGas] Building REFINERY to (29.5, 94.5)
2026-06-24 11:19:23.070 | 06:38   29ms    0M  112G  77/109U [BuildGas] Building REFINERY to (25.5, 94.5)
2026-06-24 11:19:23.927 | 06:43   30ms    0M   39G  77/109U [TerranUnit] SIEGETANK from FACTORY at (39.5, 142.5)
2026-06-24 11:19:26.304 | 06:56   30ms  290M   79G  80/117U [BuildAddon] UnitTypeId.STARPORTREACTOR to (49.0, 142.0)
2026-06-24 11:19:26.751 | 06:58   34ms  260M   53G  80/117U [TerranUnit] SCV from COMMANDCENTER at (31.5, 140.5)
2026-06-24 11:19:26.829 | 06:59   35ms  220M   61G  81/117U [TerranUnit] SCV from COMMANDCENTER at (27.5, 87.5)
2026-06-24 11:19:26.906 | 06:59   35ms  175M   61G  82/117U [TerranUnit] SCV from COMMANDCENTER at (29.5, 117.5)
2026-06-24 11:19:27.427 | 07:02   97ms  280M   93G  83/117U [GameAnalyzer] Income advantage is now ClearAdvantage
2026-06-24 11:19:27.583 | 07:03   32ms  295M  101G  83/117U [Tech] Started TERRANVEHICLEWEAPONSLEVEL1
2026-06-24 11:19:28.610 | 07:09   32ms  370M   77G  83/117U [GameAnalyzer] Income advantage is now SmallAdvantage
2026-06-24 11:19:29.047 | 07:11   93ms  120M    5G  83/117U [TerranUnit] SCV from COMMANDCENTER at (31.5, 140.5)
2026-06-24 11:19:29.119 | 07:11   33ms  235M  109G  84/117U [TerranUnit] SCV from COMMANDCENTER at (27.5, 87.5)
2026-06-24 11:19:29.200 | 07:12   31ms  255M  117G  85/117U [GameAnalyzer] Income advantage is now ClearAdvantage
2026-06-24 11:19:29.201 | 07:12   31ms  205M  117G  85/117U [TerranUnit] SCV from COMMANDCENTER at (29.5, 117.5)
2026-06-24 11:19:29.883 | 07:15   33ms  300M  169G  86/117U [GameAnalyzer] Predicted army advantage is now SlightDisadvantage
2026-06-24 11:19:30.553 | 07:19   95ms   30M    0G  86/117U [TerranUnit] SIEGETANK from FACTORY at (39.5, 142.5)
2026-06-24 11:19:32.125 | 07:27   34ms   10M    3G  89/117U [TerranUnit] SIEGETANK from FACTORY at (41.5, 134.5)
2026-06-24 11:19:33.676 | 07:34   40ms  110M    2G  92/125U [TerranUnit] SIEGETANK from FACTORY at (41.5, 139.5)
2026-06-24 11:19:33.932 | 07:36   30ms  170M   26G  95/125U [BuildAddon] UnitTypeId.FACTORYTECHLAB to (51.0, 139.0)
2026-06-24 11:19:36.875 | 07:50   33ms  285M    8G  95/133U [TerranUnit] SIEGETANK from FACTORY at (26.5, 130.5)
2026-06-24 11:19:38.475 | 07:58   42ms  400M    3G  98/141U [TerranUnit] SIEGETANK from FACTORY at (43.5, 131.5)
2026-06-24 11:19:38.798 | 07:59  105ms  540M  227G 101/141U [GameAnalyzer] Predicted army advantage is now Even
2026-06-24 11:19:40.309 | 08:06   45ms  385M  335G 101/141U [GameAnalyzer] Income advantage is now SmallAdvantage
2026-06-24 11:19:41.393 | 08:11   43ms   10M   90G 101/141U [TerranUnit] SIEGETANK from FACTORY at (39.5, 142.5)
2026-06-24 11:19:41.834 | 08:12  112ms  390M  318G 104/141U [GameAnalyzer] Known army advantage is now ClearAdvantage
2026-06-24 11:19:41.834 | 08:12  112ms  390M  318G 104/141U [GameAnalyzer] Predicted army advantage is now SlightDisadvantage
2026-06-24 11:19:42.121 | 08:14   43ms   65M   17G 104/141U [TerranUnit] SIEGETANK from FACTORY at (41.5, 139.5)
2026-06-24 11:19:43.645 | 08:20   46ms  375M    0G 107/141U [TerranUnit] SIEGETANK from FACTORY at (34.5, 132.5)
2026-06-24 11:19:44.103 | 08:22   50ms  760M  228G 110/141U [GameAnalyzer] Predicted army advantage is now Even
2026-06-24 11:19:44.491 | 08:24   47ms  810M  260G 110/149U [GameAnalyzer] Income advantage is now ClearAdvantage
2026-06-24 11:19:45.475 | 08:28   41ms  540M    7G 110/165U [TerranUnit] SIEGETANK from FACTORY at (48.5, 139.5)
2026-06-24 11:19:45.799 | 08:30   41ms  905M  231G 113/165U [GameAnalyzer] Known army advantage is now OverwhelmingAdvantage
2026-06-24 11:19:47.204 | 08:36   44ms  710M    6G 113/173U [TerranUnit] SIEGETANK from FACTORY at (41.5, 134.5)
2026-06-24 11:19:47.293 | 08:36  104ms  735M   14G 116/173U [Expand] Expanding to (64.5, 132.5)
2026-06-24 11:19:49.016 | 08:44   49ms  470M    5G 116/173U [TerranUnit] SIEGETANK from FACTORY at (39.5, 142.5)
2026-06-24 11:19:52.239 | 08:57   39ms 1150M  321G 119/173U [Tech] Started TERRANVEHICLEANDSHIPARMORSLEVEL1
2026-06-24 11:19:53.952 | 09:04   41ms  910M   41G 119/173U [TerranUnit] THOR from FACTORY at (43.5, 131.5)
2026-06-24 11:19:55.680 | 09:11   47ms 1465M  353G 125/173U [GameAnalyzer] Income advantage is now SmallAdvantage
2026-06-24 11:19:56.351 | 09:14   42ms  995M    1G 125/173U [TerranUnit] THOR from FACTORY at (26.5, 130.5)
2026-06-24 11:19:59.285 | 09:26   41ms 1215M    1G 131/173U [TerranUnit] THOR from FACTORY at (39.5, 142.5)
2026-06-24 11:20:00.850 | 09:33   44ms 1570M  301G 137/173U [GameAnalyzer] Known army advantage is now Even
2026-06-24 11:20:01.596 | 09:36   46ms 1215M  353G 137/173U [GameAnalyzer] Income advantage is now SlightAdvantage
2026-06-24 11:20:02.129 | 09:38   47ms 1475M  393G 137/173U [GameAnalyzer] Income advantage is now SmallAdvantage
2026-06-24 11:20:02.322 | 09:39   36ms  920M    5G 137/173U [TerranUnit] THOR from FACTORY at (41.5, 139.5)
2026-06-24 11:20:04.279 | 09:47   44ms 1640M  329G 143/173U [GameAnalyzer] Known army advantage is now SmallAdvantage
2026-06-24 11:20:05.360 | 09:51   46ms 1235M    1G 143/181U [TerranUnit] THOR from FACTORY at (34.5, 132.5)
2026-06-24 11:20:06.677 | 09:57   40ms 1775M  289G 149/197U [GameAnalyzer] Known army advantage is now OverwhelmingAdvantage
2026-06-24 11:20:06.690 | 09:57   40ms 1475M   89G 149/197U [PlanZoneAttack] Power 54.86 is larger than required attack power 30.00 -> attack!
2026-06-24 11:20:06.690 | 09:57   40ms 1475M   89G 149/197U [PlanZoneAttack] Attack started at 54.86 power.
2026-06-24 11:20:08.106 | 10:02   50ms 1755M  381G 149/200U [BuildGas] Building REFINERY to (67.5, 139.5)
2026-06-24 11:20:08.444 | 10:04   54ms 1185M    1G 149/200U [TerranUnit] THOR from FACTORY at (48.5, 139.5)
2026-06-24 11:20:09.946 | 10:09   44ms 1428M   96G 155/200U [GameAnalyzer] Predicted army advantage is now SlightAdvantage
2026-06-24 11:20:10.151 | 10:10   47ms 1593M  204G 155/200U [GameAnalyzer] Predicted army advantage is now Even
2026-06-24 11:20:11.277 | 10:14  112ms 1358M   72G 155/200U [BuildGas] Building REFINERY to (71.5, 135.5)
2026-06-24 11:20:12.093 | 10:17  112ms 1478M  124G 155/200U [GameAnalyzer] Income advantage is now SlightAdvantage
2026-06-24 11:20:12.314 | 10:18   48ms 1503M  140G 155/200U [GameAnalyzer] Income advantage is now SmallAdvantage
2026-06-24 11:20:13.397 | 10:22   53ms 1363M    4G 154/200U [TerranUnit] THOR from FACTORY at (26.5, 130.5)
2026-06-24 11:20:16.325 | 10:33   52ms 1563M   59G 157/200U [TerranUnit] SIEGETANK from FACTORY at (39.5, 142.5)
2026-06-24 11:20:16.653 | 10:34   52ms 1758M  175G 160/200U [GameAnalyzer] Predicted army advantage is now SlightAdvantage
2026-06-24 11:20:17.429 | 10:37   50ms 1868M  219G 160/200U [GameAnalyzer] Known army advantage is now ClearAdvantage
2026-06-24 11:20:17.429 | 10:37   50ms 1868M  219G 160/200U [GameAnalyzer] Predicted army advantage is now Even
2026-06-24 11:20:18.821 | 10:42   50ms 1598M   11G 160/200U [TerranUnit] THOR from FACTORY at (41.5, 134.5)
2026-06-24 11:20:23.703 | 11:00   58ms 1833M   87G 166/200U [BuildAddon] UnitTypeId.FACTORYTECHLAB to (44.0, 112.0)
2026-06-24 11:20:23.704 | 11:00   58ms 1833M   87G 166/200U [BuildAddon] UnitTypeId.FACTORYTECHLAB to (44.0, 112.0)
2026-06-24 11:20:24.160 | 11:02   55ms 2008M  194G 166/200U [BuildAddon] UnitTypeId.FACTORYTECHLAB to (46.0, 109.0)
2026-06-24 11:20:24.842 | 11:04   50ms 1738M    5G 166/200U [TerranUnit] THOR from FACTORY at (34.5, 132.5)
2026-06-24 11:20:24.966 | 11:04   51ms 2048M  209G 172/200U [GameAnalyzer] Income advantage is now ClearAdvantage
2026-06-24 11:20:25.385 | 11:06   53ms 2088M  241G 172/200U [GameAnalyzer] Predicted army advantage is now SlightAdvantage
2026-06-24 11:20:26.291 | 11:09  114ms 2208M  293G 172/200U [GameAnalyzer] Income advantage is now OverwhelmingAdvantage
2026-06-24 11:20:27.975 | 11:15  123ms 2453M  389G 172/200U [GameAnalyzer] Predicted army advantage is now Even
2026-06-24 11:20:28.096 | 11:15   58ms 2468M  405G 172/200U [GameAnalyzer] Income advantage is now ClearAdvantage
2026-06-24 11:20:28.104 | 11:15   58ms 1868M    5G 172/200U [TerranUnit] THOR from FACTORY at (41.5, 139.5)
2026-06-24 11:20:28.337 | 11:16   55ms 2203M  217G 178/200U [GameAnalyzer] Income advantage is now OverwhelmingAdvantage
2026-06-24 11:20:28.575 | 11:17   55ms 2248M  233G 178/200U [GameAnalyzer] Income advantage is now ClearAdvantage
2026-06-24 11:20:28.762 | 11:17   52ms 2268M  245G 178/200U [GameAnalyzer] Income advantage is now OverwhelmingAdvantage
2026-06-24 11:20:29.238 | 11:19   55ms 1868M    2G 178/200U [TerranUnit] VIKINGFIGHTER from STARPORT at (46.5, 142.5)
2026-06-24 11:20:30.640 | 11:24   57ms 1958M    7G 180/200U [TerranUnit] VIKINGFIGHTER from STARPORT at (46.5, 142.5)
2026-06-24 11:20:30.876 | 11:25   55ms 2278M  227G 182/200U [GameAnalyzer] Predicted army advantage is now SlightAdvantage
2026-06-24 11:20:32.670 | 11:31   52ms 2548M  327G 182/200U [GameAnalyzer] Predicted army advantage is now Even
2026-06-24 11:20:34.121 | 11:36   48ms 2138M   19G 182/200U [TerranUnit] THOR from FACTORY at (39.5, 142.5)
2026-06-24 11:20:34.698 | 11:38   48ms 2568M  251G 188/200U [GameAnalyzer] Income advantage is now ClearAdvantage
2026-06-24 11:20:34.865 | 11:39   51ms 2583M  263G 188/200U [GameAnalyzer] Income advantage is now OverwhelmingAdvantage
2026-06-24 11:20:35.199 | 11:40   45ms 2628M  283G 188/200U [GameAnalyzer] Income advantage is now ClearAdvantage
2026-06-24 11:20:35.313 | 11:40   56ms 2638M  299G 188/200U [GameAnalyzer] Income advantage is now OverwhelmingAdvantage
2026-06-24 11:20:35.517 | 11:41   44ms 2658M  307G 188/200U [GameAnalyzer] Known army advantage is now OverwhelmingAdvantage
2026-06-24 11:20:35.517 | 11:41   44ms 2658M  307G 188/200U [GameAnalyzer] Predicted army advantage is now SlightAdvantage
2026-06-24 11:20:35.684 | 11:42   47ms 2698M  315G 188/200U [GameAnalyzer] Income advantage is now ClearAdvantage
2026-06-24 11:20:35.888 | 11:43   51ms 2733M  331G 188/200U [GameAnalyzer] Income advantage is now OverwhelmingAdvantage
2026-06-24 11:20:36.916 | 11:47   52ms 2898M  399G 188/200U [GameAnalyzer] Predicted army advantage is now SmallAdvantage
2026-06-24 11:20:37.098 | 11:47   51ms 2318M    7G 188/200U [TerranUnit] THOR from FACTORY at (41.5, 134.5)
2026-06-24 11:20:38.186 | 11:51   51ms 2358M    0G 194/200U [TerranUnit] VIKINGFIGHTER from STARPORT at (46.5, 142.5)
2026-06-24 11:20:39.060 | 11:54   50ms 2793M  260G 196/200U [GameAnalyzer] Income advantage is now ClearAdvantage
2026-06-24 11:20:39.271 | 11:55   55ms 2843M  276G 196/200U [GameAnalyzer] Income advantage is now OverwhelmingAdvantage
2026-06-24 11:20:39.279 | 11:55   55ms 2393M    1G 196/200U [TerranUnit] VIKINGFIGHTER from STARPORT at (46.5, 142.5)
2026-06-24 11:20:39.890 | 11:57   56ms 2768M  241G 198/200U [GameAnalyzer] Predicted army advantage is now ClearAdvantage
2026-06-24 11:20:45.812 | 12:19   42ms 3673M  617G 198/200U [GameAnalyzer] Predicted army advantage is now OverwhelmingAdvantage
2026-06-24 11:20:46.468 | 12:21   44ms 3358M  390G 198/200U [TerranUnit] VIKINGFIGHTER from STARPORT at (46.5, 142.5)
2026-06-24 11:21:03.215 | 13:23   94ms 6323M 1650G 200/200U [EnemyArmyPredicter] Predicting negative free minerals for enemy: -1060
2026-06-24 11:21:04.736 | 13:28   53ms 6573M 1734G 200/200U [EnemyArmyPredicter] Predicting negative free minerals for enemy: -1160
2026-06-24 11:21:06.457 | 13:34   94ms 6793M 1830G 200/200U [EnemyArmyPredicter] Predicting negative free minerals for enemy: -1360
2026-06-24 11:21:08.428 | INFO     | sc2.protocol:_execute:75 - Client status changed to Status.ended (was Status.in_game)
2026-06-24 11:21:08.428 | Result: Victory
2026-06-24 11:21:08.428 | Duration: 13:39
2026-06-24 11:21:08.428 | Step time min: 5
2026-06-24 11:21:08.428 | Step time avg: 38
2026-06-24 11:21:08.428 | Step time max: 515
2026-06-24 11:21:08.428 | [LostUnitsContents] My lost units minerals and gas: (250, 175)
2026-06-24 11:21:08.428 | [LostUnitsContents] My lost units minerals by score: 250.0
2026-06-24 11:21:08.429 | [LostUnitsContents] Enemy lost units minerals and gas: (16425, 4400)
2026-06-24 11:21:08.429 | [LostUnitsContents] Enemy lost units minerals by score: 16675.0
2026-06-24 11:21:08.429 | [GameAnalyzerEnd] Own units:
2026-06-24 11:21:08.429 | [GameAnalyzerEnd] SCV               total:  52 alive:  51 dead:   1 
2026-06-24 11:21:08.429 | [GameAnalyzerEnd] SIEGETANK         total:  21 alive:  20 dead:   1 
2026-06-24 11:21:08.429 | [GameAnalyzerEnd] SUPPLYDEPOT       total:  20 alive:  20 dead:   0 
2026-06-24 11:21:08.429 | [GameAnalyzerEnd] THOR              total:  12 alive:  12 dead:   0 
2026-06-24 11:21:08.429 | [GameAnalyzerEnd] TECHLAB           total:   9 alive:   9 dead:   0 
2026-06-24 11:21:08.429 | [GameAnalyzerEnd] FACTORY           total:   9 alive:   9 dead:   0 
2026-06-24 11:21:08.430 | [GameAnalyzerEnd] REFINERY          total:   8 alive:   8 dead:   0 
2026-06-24 11:21:08.430 | [GameAnalyzerEnd] VIKINGFIGHTER     total:   5 alive:   5 dead:   0 
2026-06-24 11:21:08.430 | [GameAnalyzerEnd] ORBITALCOMMAND    total:   4 alive:   4 dead:   0 
2026-06-24 11:21:08.430 | [GameAnalyzerEnd] MULE              total:   2 alive:   2 dead:   0 
2026-06-24 11:21:08.430 | [GameAnalyzerEnd] STARPORT          total:   1 alive:   1 dead:   0 
2026-06-24 11:21:08.430 | [GameAnalyzerEnd] REACTOR           total:   1 alive:   1 dead:   0 
2026-06-24 11:21:08.430 | [GameAnalyzerEnd] BUNKER            total:   1 alive:   1 dead:   0 
2026-06-24 11:21:08.430 | [GameAnalyzerEnd] BARRACKS          total:   1 alive:   1 dead:   0 
2026-06-24 11:21:08.430 | [GameAnalyzerEnd] ARMORY            total:   1 alive:   1 dead:   0 
2026-06-24 11:21:08.430 | [GameAnalyzerEnd] REAPER            total:   1 alive:   0 dead:   1 
2026-06-24 11:21:08.430 | [GameAnalyzerEnd] Enemy units:
2026-06-24 11:21:08.430 | [GameAnalyzerEnd] SCV               total:  59 alive:   2 dead:  57 
2026-06-24 11:21:08.430 | [GameAnalyzerEnd] MARINE            total:  38 alive:   2 dead:  36 
2026-06-24 11:21:08.430 | [GameAnalyzerEnd] SUPPLYDEPOT       total:  15 alive:   2 dead:  13 
2026-06-24 11:21:08.430 | [GameAnalyzerEnd] MARAUDER          total:   9 alive:   0 dead:   9 
2026-06-24 11:21:08.431 | [GameAnalyzerEnd] VIKINGFIGHTER     total:   9 alive:   0 dead:   9 
2026-06-24 11:21:08.431 | [GameAnalyzerEnd] TECHLAB           total:   8 alive:   2 dead:   6 
2026-06-24 11:21:08.431 | [GameAnalyzerEnd] HELLIONTANK       total:   8 alive:   0 dead:   8 
2026-06-24 11:21:08.431 | [GameAnalyzerEnd] REFINERY          total:   6 alive:   0 dead:   6 
2026-06-24 11:21:08.431 | [GameAnalyzerEnd] MISSILETURRET     total:   6 alive:   0 dead:   6 
2026-06-24 11:21:08.431 | [GameAnalyzerEnd] REAPER            total:   4 alive:   0 dead:   4 
2026-06-24 11:21:08.431 | [GameAnalyzerEnd] SIEGETANK         total:   4 alive:   0 dead:   4 
2026-06-24 11:21:08.431 | [GameAnalyzerEnd] COMMANDCENTER     total:   3 alive:   1 dead:   2 
2026-06-24 11:21:08.431 | [GameAnalyzerEnd] STARPORT          total:   3 alive:   0 dead:   3 
2026-06-24 11:21:08.431 | [GameAnalyzerEnd] FACTORY           total:   3 alive:   0 dead:   3 
2026-06-24 11:21:08.431 | [GameAnalyzerEnd] BARRACKS          total:   3 alive:   0 dead:   3 
2026-06-24 11:21:08.431 | [GameAnalyzerEnd] RAVEN             total:   3 alive:   0 dead:   3 
2026-06-24 11:21:08.431 | [GameAnalyzerEnd] MEDIVAC           total:   3 alive:   0 dead:   3 
2026-06-24 11:21:08.431 | [GameAnalyzerEnd] CYCLONE           total:   2 alive:   0 dead:   2 
2026-06-24 11:21:08.431 | [GameAnalyzerEnd] ENGINEERINGBAY    total:   2 alive:   0 dead:   2 
2026-06-24 11:21:08.431 | [GameAnalyzerEnd] REACTOR           total:   2 alive:   0 dead:   2 
2026-06-24 11:21:08.432 | [GameAnalyzerEnd] GHOST             total:   2 alive:   0 dead:   2 
2026-06-24 11:21:08.432 | [GameAnalyzerEnd] BUNKER            total:   2 alive:   0 dead:   2 
2026-06-24 11:21:08.432 | [GameAnalyzerEnd] THOR              total:   1 alive:   0 dead:   1 
2026-06-24 11:21:08.432 | [GameAnalyzerEnd] GHOSTACADEMY      total:   1 alive:   0 dead:   1 
2026-06-24 11:21:08.432 | [GameAnalyzerEnd] HELLION           total:   1 alive:   0 dead:   1 
2026-06-24 11:21:08.432 | [GameAnalyzerEnd] SENSORTOWER       total:   1 alive:   0 dead:   1 
2026-06-24 11:21:08.432 | [GameAnalyzerEnd] ORBITALCOMMAND    total:   1 alive:   0 dead:   1 
2026-06-24 11:21:08.432 | [GameAnalyzerEnd] ARMORY            total:   1 alive:   0 dead:   1 
2026-06-24 11:21:08.432 | [GameAnalyzerEnd] Minerals max 6943 Average 1221
2026-06-24 11:21:08.432 | [GameAnalyzerEnd] Vespene max 1910 Average 272
2026-06-24 11:21:08.472 | [AbilityRecorderManager] Saved 200 macro actions and 14 other abilities to /data2/SC2_2606/sharpy-sc2/bo_collection_runs/2026-06-24_terran_6bots_3maps_macro/KairosJunctionLE/tank_thor_mech/sequences/mechthor-ai.terran.hard.macro_KairosJunctionLE_2026-06-24 11_21_08_815141.json
2026-06-24 11:21:08.480 | INFO     | sc2.main:_play_game:220 - Result for player 1 - Bot TankThorMech(Terran): Victory
2026-06-24 11:21:08.532 | INFO     | sc2.client:save_replay:129 - Saved replay to /data2/SC2_2606/sharpy-sc2/bo_collection_runs/2026-06-24_terran_6bots_3maps_macro/KairosJunctionLE/tank_thor_mech/replays/mechthor-ai.terran.hard.macro_KairosJunctionLE_2026-06-24 11_18_21_628150.SC2Replay
2026-06-24 11:21:08.576 | INFO     | sc2.client:save_replay:129 - Saved replay to /data2/SC2_2606/sharpy-sc2/bo_collection_runs/2026-06-24_terran_6bots_3maps_macro/KairosJunctionLE/tank_thor_mech/replays/mechthor-ai.terran.hard.macro_KairosJunctionLE_2026-06-24 11_18_21_628150.SC2Replay
2026-06-24 11:21:09.281 | INFO     | sc2.protocol:_execute:75 - Client status changed to Status.launched (was Status.ended)
2026-06-24 11:21:09.281 | INFO     | sc2.protocol:_execute:75 - Client status changed to Status.quit (was Status.launched)
2026-06-24 11:21:09.281 | INFO     | sc2.sc2process:_close_connection:245 - Closing connection at 18902...
2026-06-24 11:21:09.282 | INFO     | sc2.sc2process:kill_all:39 - kill_switch: Process cleanup for 1 processes
